// Jest Snapshot v1, https://goo.gl/fbAQLP

exports[`Recorder mutationInput init 1`] = `Object {}`;

exports[`Recorder onChangeField 1`] = `
Object {
  "identity": Object {
    "0": 1,
    "1": 2,
    "2": 3,
    "3": 4,
    "4": 5,
    "5": 6,
    "6": 7,
    "7": 8,
    "8": 9,
    "9": 10,
    "id": "1-2-3-4",
  },
}
`;

exports[`Recorder onChangeField 2`] = `Object {}`;
